// Jest Snapshot v1, https://goo.gl/fbAQLP

exports[`AccountScreen snapshot renders the AccountScreen 1`] = `
<View
  enabled={true}
  keyboardVerticalOffset={0}
  onLayout={[Function]}
  style={
    Array [
      Object {
        "backgroundColor": "#fff",
        "flex": 1,
      },
      Object {
        "paddingBottom": 0,
      },
    ]
  }
>
  <View
    style={
      Object {
        "alignItems": "center",
        "flexGrow": 1,
        "justifyContent": "center",
      }
    }
  >
    <Image
      resizeMode="contain"
      source={1}
      style={
        Object {
          "height": 100,
          "position": "absolute",
          "width": 300,
        }
      }
    />
  </View>
  <View
    accessibilityComponentType={undefined}
    accessibilityLabel={undefined}
    accessibilityTraits={undefined}
    accessible={true}
    collapsable={undefined}
    hasTVPreferredFocus={undefined}
    hitSlop={undefined}
    isTVSelectable={true}
    nativeID={undefined}
    onLayout={undefined}
    onResponderGrant={[Function]}
    onResponderMove={[Function]}
    onResponderRelease={[Function]}
    onResponderTerminate={[Function]}
    onResponderTerminationRequest={[Function]}
    onStartShouldSetResponder={[Function]}
    style={
      Object {
        "opacity": 1,
      }
    }
    testID={undefined}
    tvParallaxProperties={undefined}
  >
    <Text
      accessible={true}
      allowFontScaling={true}
      ellipsizeMode="tail"
      style={
        Object {
          "backgroundColor": "#d8d8d8",
          "marginLeft": 20,
          "marginRight": 20,
          "paddingVertical": 6,
          "textAlign": "center",
        }
      }
    >
      No account? Tap here.
    </Text>
  </View>
  <View>
    <View
      style={
        Object {
          "padding": 20,
        }
      }
    >
      <TextInput
        allowFontScaling={true}
        autoCapitalize="none"
        autoCorrect={false}
        keyboardType="email-address"
        onChangeText={[Function]}
        onSubmitEditing={[Function]}
        placeholder="Email"
        placeholderTextColor="rgba(0,0,0,0.35)"
        returnKeyType="next"
        style={
          Object {
            "backgroundColor": "#0aa69a80",
            "color": "#000",
            "height": 40,
            "marginBottom": 10,
            "padding": 10,
          }
        }
        underlineColorAndroid="transparent"
        value="admin@admin.com"
      />
      <TextInput
        allowFontScaling={true}
        onChangeText={[Function]}
        placeholder="Password"
        placeholderTextColor="rgba(0,0,0,0.35)"
        returnKeyType="go"
        secureTextEntry={true}
        style={
          Object {
            "backgroundColor": "#0aa69a80",
            "color": "#000",
            "height": 40,
            "marginBottom": 10,
            "padding": 10,
          }
        }
        underlineColorAndroid="transparent"
        value="Temp1234"
      />
      <View
        accessibilityComponentType={undefined}
        accessibilityLabel={undefined}
        accessibilityTraits={undefined}
        accessible={true}
        collapsable={undefined}
        hasTVPreferredFocus={undefined}
        hitSlop={undefined}
        isTVSelectable={true}
        nativeID={undefined}
        onLayout={undefined}
        onResponderGrant={[Function]}
        onResponderMove={[Function]}
        onResponderRelease={[Function]}
        onResponderTerminate={[Function]}
        onResponderTerminationRequest={[Function]}
        onStartShouldSetResponder={[Function]}
        style={
          Object {
            "backgroundColor": "#2980b6",
            "opacity": 1,
            "paddingVertical": 15,
          }
        }
        testID={undefined}
        tvParallaxProperties={undefined}
      >
        <Text
          accessible={true}
          allowFontScaling={true}
          ellipsizeMode="tail"
          style={
            Object {
              "color": "#fff",
              "fontWeight": "400",
              "textAlign": "center",
            }
          }
        >
          LOG IN
        </Text>
      </View>
    </View>
  </View>
</View>
`;
