// Jest Snapshot v1, https://goo.gl/fbAQLP

exports[`TabBarIcon snapshot renders the TabBarIcon 1`] = `
<Text
  accessible={true}
  allowFontScaling={true}
  ellipsizeMode="tail"
/>
`;
